pages/app/AppHome.tsx(40,35): error TS2769: No overload matches this call.
  Overload 1 of 4, '(value: string | number | Date): Date', gave the following error.
    Argument of type 'unknown' is not assignable to parameter of type 'string | number | Date'.
  Overload 2 of 4, '(value: string | number): Date', gave the following error.
    Argument of type 'unknown' is not assignable to parameter of type 'string | number'.
pages/app/AppHome.tsx(41,35): error TS2769: No overload matches this call.
  Overload 1 of 4, '(value: string | number | Date): Date', gave the following error.
    Argument of type 'unknown' is not assignable to parameter of type 'string | number | Date'.
  Overload 2 of 4, '(value: string | number): Date', gave the following error.
    Argument of type 'unknown' is not assignable to parameter of type 'string | number'.
pages/BlogPage.tsx(381,55): error TS2322: Type '{ key: any; post: any; index: any; }' is not assignable to type '{ post: BlogPost; index: number; }'.
  Property 'key' does not exist on type '{ post: BlogPost; index: number; }'.
pages/ConteudoPage.tsx(305,43): error TS2322: Type '{ key: any; value: any; label: any; }' is not assignable to type '{ value: string; label: string; }'.
  Property 'key' does not exist on type '{ value: string; label: string; }'.
pages/gym/GymHistory.tsx(98,51): error TS2339: Property 'map' does not exist on type 'unknown'.
supabase/functions/fetch-instagram-metrics/index.ts(1,30): error TS2307: Cannot find module 'https://esm.sh/@supabase/supabase-js@2.39.3' or its corresponding type declarations.
supabase/functions/fetch-instagram-metrics/index.ts(4,22): error TS2304: Cannot find name 'Deno'.
supabase/functions/fetch-instagram-metrics/index.ts(5,35): error TS2304: Cannot find name 'Deno'.
supabase/functions/fetch-instagram-metrics/index.ts(6,25): error TS2304: Cannot find name 'Deno'.
supabase/functions/fetch-instagram-metrics/index.ts(12,1): error TS2304: Cannot find name 'Deno'.
supabase/functions/fetch-meta-ads/index.ts(1,30): error TS2307: Cannot find module 'https://esm.sh/@supabase/supabase-js@2.39.3' or its corresponding type declarations.
supabase/functions/fetch-meta-ads/index.ts(4,22): error TS2304: Cannot find name 'Deno'.
supabase/functions/fetch-meta-ads/index.ts(5,35): error TS2304: Cannot find name 'Deno'.
supabase/functions/fetch-meta-ads/index.ts(7,25): error TS2304: Cannot find name 'Deno'.
supabase/functions/fetch-meta-ads/index.ts(13,1): error TS2304: Cannot find name 'Deno'.
supabase/functions/generate-blog-post/index.ts(9,1): error TS2304: Cannot find name 'Deno'.
supabase/functions/generate-blog-post/index.ts(67,27): error TS2304: Cannot find name 'Deno'.
supabase/functions/get-ga4-metrics/index.ts(2,23): error TS2307: Cannot find module 'https://deno.land/std@0.168.0/http/server.ts' or its corresponding type declarations.
supabase/functions/get-ga4-metrics/index.ts(3,30): error TS2307: Cannot find module 'https://esm.sh/@supabase/supabase-js@2.7.1' or its corresponding type declarations.
supabase/functions/get-ga4-metrics/index.ts(4,23): error TS2307: Cannot find module 'https://esm.sh/jose@4.14.4' or its corresponding type declarations.
supabase/functions/get-ga4-metrics/index.ts(59,28): error TS2304: Cannot find name 'Deno'.
supabase/functions/get-ga4-metrics/index.ts(60,33): error TS2304: Cannot find name 'Deno'.
supabase/functions/get-ga4-metrics/index.ts(61,29): error TS2304: Cannot find name 'Deno'.
supabase/functions/get-ga4-metrics/index.ts(62,29): error TS2304: Cannot find name 'Deno'.
supabase/functions/get-ga4-metrics/index.ts(311,32): error TS2304: Cannot find name 'Deno'.
supabase/functions/meta-conversions/index.ts(22,1): error TS2304: Cannot find name 'Deno'.
supabase/functions/meta-conversions/index.ts(29,25): error TS2304: Cannot find name 'Deno'.
supabase/functions/meta-conversions/index.ts(30,29): error TS2304: Cannot find name 'Deno'.
supabase/functions/sitemap/index.ts(2,30): error TS2307: Cannot find module 'https://esm.sh/@supabase/supabase-js@2.39.7' or its corresponding type declarations.
supabase/functions/sitemap/index.ts(9,1): error TS2304: Cannot find name 'Deno'.
supabase/functions/sitemap/index.ts(14,25): error TS2304: Cannot find name 'Deno'.
supabase/functions/sitemap/index.ts(15,25): error TS2304: Cannot find name 'Deno'.
